warning: E:\devs\Rbitnet\crates\bitnet-core\Cargo.toml: `default-features` is ignored for tokenizers, since `default-features` was not specified for `workspace.dependencies.tokenizers`, this could become a hard error in the future
warning: error finalizing incremental compilation session directory `\\?\E:\devs\Rbitnet\target\debug\incremental\bitnet_core-34adqelze8v09\s-hmvb0zcipx-1f2x8ob-working`: Accès refusé. (os error 5)

warning: `bitnet-core` (lib) generated 1 warning
    Finished `test` profile [unoptimized + debuginfo] target(s) in 0.15s
     Running unittests src\lib.rs (target\debug\deps\bitnet_core-6146c0ed05f84925.exe)

running 1 test
CUDA shared ledger: exact categories, shared views, CPU fallback, partial-create rollback, and 8-thread cap admission passed
test backend::device_memory::tests::opt_in_shared_allocator_bounds_views_native_rollback_fallback_and_concurrent_admission ... ok

test result: ok. 1 passed; 0 failed; 0 ignored; 0 measured; 108 filtered out; finished in 0.15s

     Running tests\backend_conformance.rs (target\debug\deps\backend_conformance-16ef4f44b0c54a02.exe)

running 0 tests

test result: ok. 0 passed; 0 failed; 0 ignored; 0 measured; 7 filtered out; finished in 0.00s

     Running tests\cuda_quant_residency.rs (target\debug\deps\cuda_quant_residency-d551886b5fe404ef.exe)

running 0 tests

test result: ok. 0 passed; 0 failed; 0 ignored; 0 measured; 7 filtered out; finished in 0.00s

     Running tests\golden_kernels.rs (target\debug\deps\golden_kernels-cd2df87e1ff36c07.exe)

running 0 tests

test result: ok. 0 passed; 0 failed; 0 ignored; 0 measured; 1 filtered out; finished in 0.00s

     Running tests\kv_storage_paged.rs (target\debug\deps\kv_storage_paged-9aad09de22f371ae.exe)

running 0 tests

test result: ok. 0 passed; 0 failed; 0 ignored; 0 measured; 10 filtered out; finished in 0.00s

     Running tests\mixtral_moe_golden_ci.rs (target\debug\deps\mixtral_moe_golden_ci-c456016651f3e5d9.exe)

running 0 tests

test result: ok. 0 passed; 0 failed; 0 ignored; 0 measured; 3 filtered out; finished in 0.00s

     Running tests\optional_gguf_env.rs (target\debug\deps\optional_gguf_env-0383745095108ab4.exe)

running 0 tests

test result: ok. 0 passed; 0 failed; 0 ignored; 0 measured; 2 filtered out; finished in 0.00s

     Running tests\optional_golden_llama.rs (target\debug\deps\optional_golden_llama-12a5a6cafb63363a.exe)

running 0 tests

test result: ok. 0 passed; 0 failed; 0 ignored; 0 measured; 1 filtered out; finished in 0.00s

     Running tests\optional_llama_sequence.rs (target\debug\deps\optional_llama_sequence-0baf4d34ca6cb3d9.exe)

running 0 tests

test result: ok. 0 passed; 0 failed; 0 ignored; 0 measured; 3 filtered out; finished in 0.00s

     Running tests\prefix_kv_toy.rs (target\debug\deps\prefix_kv_toy-f3dc8d28c5006ebe.exe)

running 0 tests

test result: ok. 0 passed; 0 failed; 0 ignored; 0 measured; 2 filtered out; finished in 0.00s

     Running tests\qwen3_dense_golden_ci.rs (target\debug\deps\qwen3_dense_golden_ci-edf763aa3645b3c7.exe)

running 0 tests

test result: ok. 0 passed; 0 failed; 0 ignored; 0 measured; 2 filtered out; finished in 0.00s

     Running tests\scheduler_speculative.rs (target\debug\deps\scheduler_speculative-c06266166985f04f.exe)

running 0 tests

test result: ok. 0 passed; 0 failed; 0 ignored; 0 measured; 7 filtered out; finished in 0.00s

     Running tests\toy_streaming.rs (target\debug\deps\toy_streaming-2909fe951e6f9896.exe)

running 0 tests

test result: ok. 0 passed; 0 failed; 0 ignored; 0 measured; 1 filtered out; finished in 0.00s
