{"mode": "serial", "cycle": 0, "prompt": 0, "prefill_ms": 5714.0, "decode_ms": 1407.0, "hits": 0.0, "blocks": 0.0, "matches": true}
{"mode": "serial", "cycle": 0, "prompt": 1, "prefill_ms": 5519.0, "decode_ms": 1397.0, "hits": 0.0, "blocks": 0.0, "matches": true}
{"mode": "serial", "cycle": 0, "prompt": 2, "prefill_ms": 781.0, "decode_ms": 149.0, "hits": 0.0, "blocks": 0.0, "matches": true}
{"mode": "serial", "cycle": 1, "prompt": 0, "prefill_ms": 5531.0, "decode_ms": 1394.0, "hits": 0.0, "blocks": 0.0, "matches": true}
{"mode": "serial", "cycle": 1, "prompt": 1, "prefill_ms": 5558.0, "decode_ms": 1397.0, "hits": 0.0, "blocks": 0.0, "matches": true}
{"mode": "serial", "cycle": 1, "prompt": 2, "prefill_ms": 778.0, "decode_ms": 148.0, "hits": 0.0, "blocks": 0.0, "matches": true}
{"mode": "serial", "cycle": 2, "prompt": 0, "prefill_ms": 5534.0, "decode_ms": 1392.0, "hits": 0.0, "blocks": 0.0, "matches": true}
{"mode": "serial", "cycle": 2, "prompt": 1, "prefill_ms": 5542.0, "decode_ms": 1390.0, "hits": 0.0, "blocks": 0.0, "matches": true}
{"mode": "serial", "cycle": 2, "prompt": 2, "prefill_ms": 776.0, "decode_ms": 148.0, "hits": 0.0, "blocks": 0.0, "matches": true}
{"mode": "fused", "cycle": 0, "prompt": 0, "prefill_ms": 5621.0, "decode_ms": 1437.0, "hits": 0.0, "blocks": 0.0, "matches": true}
{"mode": "fused", "cycle": 0, "prompt": 1, "prefill_ms": 5637.0, "decode_ms": 1437.0, "hits": 0.0, "blocks": 0.0, "matches": true}
{"mode": "fused", "cycle": 0, "prompt": 2, "prefill_ms": 805.0, "decode_ms": 153.0, "hits": 0.0, "blocks": 0.0, "matches": true}
{"mode": "fused", "cycle": 1, "prompt": 0, "prefill_ms": 5622.0, "decode_ms": 1403.0, "hits": 0.0, "blocks": 0.0, "matches": true}
{"mode": "fused", "cycle": 1, "prompt": 1, "prefill_ms": 5581.0, "decode_ms": 1401.0, "hits": 0.0, "blocks": 0.0, "matches": true}
{"mode": "fused", "cycle": 1, "prompt": 2, "prefill_ms": 782.0, "decode_ms": 149.0, "hits": 0.0, "blocks": 0.0, "matches": true}
{"mode": "fused", "cycle": 2, "prompt": 0, "prefill_ms": 5579.0, "decode_ms": 1403.0, "hits": 0.0, "blocks": 0.0, "matches": true}
{"mode": "fused", "cycle": 2, "prompt": 1, "prefill_ms": 5573.0, "decode_ms": 1416.0, "hits": 0.0, "blocks": 0.0, "matches": true}
{"mode": "fused", "cycle": 2, "prompt": 2, "prefill_ms": 788.0, "decode_ms": 150.0, "hits": 0.0, "blocks": 0.0, "matches": true}
{"mode": "block16", "cycle": 0, "prompt": 0, "prefill_ms": 1973.0, "decode_ms": 1424.0, "hits": 0.0, "blocks": 35.0, "matches": true}
{"mode": "block16", "cycle": 0, "prompt": 1, "prefill_ms": 1985.0, "decode_ms": 1418.0, "hits": 0.0, "blocks": 35.0, "matches": true}
{"mode": "block16", "cycle": 0, "prompt": 2, "prefill_ms": 288.0, "decode_ms": 153.0, "hits": 0.0, "blocks": 6.0, "matches": true}
{"mode": "block16", "cycle": 1, "prompt": 0, "prefill_ms": 2008.0, "decode_ms": 1426.0, "hits": 0.0, "blocks": 35.0, "matches": true}
{"mode": "block16", "cycle": 1, "prompt": 1, "prefill_ms": 2005.0, "decode_ms": 1421.0, "hits": 0.0, "blocks": 35.0, "matches": true}
{"mode": "block16", "cycle": 1, "prompt": 2, "prefill_ms": 289.0, "decode_ms": 152.0, "hits": 0.0, "blocks": 6.0, "matches": true}
{"mode": "block16", "cycle": 2, "prompt": 0, "prefill_ms": 2016.0, "decode_ms": 1432.0, "hits": 0.0, "blocks": 35.0, "matches": true}
{"mode": "block16", "cycle": 2, "prompt": 1, "prefill_ms": 1990.0, "decode_ms": 1426.0, "hits": 0.0, "blocks": 35.0, "matches": true}
{"mode": "block16", "cycle": 2, "prompt": 2, "prefill_ms": 287.0, "decode_ms": 152.0, "hits": 0.0, "blocks": 6.0, "matches": true}
{"mode": "tile32", "cycle": 0, "prompt": 0, "prefill_ms": 4004.0, "decode_ms": 1416.0, "hits": 0.0, "blocks": 18.0, "matches": true}
{"mode": "tile32", "cycle": 0, "prompt": 1, "prefill_ms": 3979.0, "decode_ms": 1418.0, "hits": 0.0, "blocks": 18.0, "matches": true}
{"mode": "tile32", "cycle": 0, "prompt": 2, "prefill_ms": 616.0, "decode_ms": 153.0, "hits": 0.0, "blocks": 3.0, "matches": true}
{"mode": "tile32", "cycle": 1, "prompt": 0, "prefill_ms": 3984.0, "decode_ms": 1419.0, "hits": 0.0, "blocks": 18.0, "matches": true}
{"mode": "tile32", "cycle": 1, "prompt": 1, "prefill_ms": 3999.0, "decode_ms": 1431.0, "hits": 0.0, "blocks": 18.0, "matches": true}
{"mode": "tile32", "cycle": 1, "prompt": 2, "prefill_ms": 607.0, "decode_ms": 151.0, "hits": 0.0, "blocks": 3.0, "matches": true}
{"mode": "tile32", "cycle": 2, "prompt": 0, "prefill_ms": 3998.0, "decode_ms": 1421.0, "hits": 0.0, "blocks": 18.0, "matches": true}
{"mode": "tile32", "cycle": 2, "prompt": 1, "prefill_ms": 4002.0, "decode_ms": 1432.0, "hits": 0.0, "blocks": 18.0, "matches": true}
{"mode": "tile32", "cycle": 2, "prompt": 2, "prefill_ms": 608.0, "decode_ms": 153.0, "hits": 0.0, "blocks": 3.0, "matches": true}
{"mode": "tile32-prefix", "cycle": 0, "prompt": 0, "prefill_ms": 4006.0, "decode_ms": 1424.0, "hits": 0.0, "blocks": 18.0, "matches": true}
{"mode": "tile32-prefix", "cycle": 0, "prompt": 1, "prefill_ms": 76.0, "decode_ms": 1416.0, "hits": 1.0, "blocks": 1.0, "matches": true}
{"mode": "tile32-prefix", "cycle": 0, "prompt": 2, "prefill_ms": 158.0, "decode_ms": 151.0, "hits": 1.0, "blocks": 1.0, "matches": true}
{"mode": "tile32-prefix", "cycle": 1, "prompt": 0, "prefill_ms": 27.0, "decode_ms": 1430.0, "hits": 1.0, "blocks": 1.0, "matches": true}
{"mode": "tile32-prefix", "cycle": 1, "prompt": 1, "prefill_ms": 26.0, "decode_ms": 1419.0, "hits": 1.0, "blocks": 1.0, "matches": true}
{"mode": "tile32-prefix", "cycle": 1, "prompt": 2, "prefill_ms": 25.0, "decode_ms": 152.0, "hits": 1.0, "blocks": 1.0, "matches": true}
{"mode": "tile32-prefix", "cycle": 2, "prompt": 0, "prefill_ms": 26.0, "decode_ms": 1414.0, "hits": 1.0, "blocks": 1.0, "matches": true}
{"mode": "tile32-prefix", "cycle": 2, "prompt": 1, "prefill_ms": 27.0, "decode_ms": 1423.0, "hits": 1.0, "blocks": 1.0, "matches": true}
{"mode": "tile32-prefix", "cycle": 2, "prompt": 2, "prefill_ms": 25.0, "decode_ms": 152.0, "hits": 1.0, "blocks": 1.0, "matches": true}
