{"mode": "baseline", "cycle": 0, "prompt": 0, "prefill_ms": 31136.0, "decode_ms": 3199.0, "hits": 0.0, "blocks": 0.0, "matches": true}
{"mode": "baseline", "cycle": 0, "prompt": 1, "prefill_ms": 31116.0, "decode_ms": 3212.0, "hits": 0.0, "blocks": 0.0, "matches": true}
{"mode": "baseline", "cycle": 0, "prompt": 2, "prefill_ms": 1412.0, "decode_ms": 298.0, "hits": 0.0, "blocks": 0.0, "matches": true}
{"mode": "baseline", "cycle": 1, "prompt": 0, "prefill_ms": 31107.0, "decode_ms": 3386.0, "hits": 0.0, "blocks": 0.0, "matches": true}
{"mode": "baseline", "cycle": 1, "prompt": 1, "prefill_ms": 31602.0, "decode_ms": 3204.0, "hits": 0.0, "blocks": 0.0, "matches": true}
{"mode": "baseline", "cycle": 1, "prompt": 2, "prefill_ms": 1413.0, "decode_ms": 262.0, "hits": 0.0, "blocks": 0.0, "matches": true}
{"mode": "baseline", "cycle": 2, "prompt": 0, "prefill_ms": 30660.0, "decode_ms": 3476.0, "hits": 0.0, "blocks": 0.0, "matches": true}
{"mode": "baseline", "cycle": 2, "prompt": 1, "prefill_ms": 31613.0, "decode_ms": 3139.0, "hits": 0.0, "blocks": 0.0, "matches": true}
{"mode": "baseline", "cycle": 2, "prompt": 2, "prefill_ms": 1426.0, "decode_ms": 260.0, "hits": 0.0, "blocks": 0.0, "matches": true}
{"mode": "full-fixed", "cycle": 0, "prompt": 0, "prefill_ms": 18814.0, "decode_ms": 2170.0, "hits": 0.0, "blocks": 0.0, "matches": true}
{"mode": "full-fixed", "cycle": 0, "prompt": 1, "prefill_ms": 18806.0, "decode_ms": 2163.0, "hits": 0.0, "blocks": 0.0, "matches": true}
{"mode": "full-fixed", "cycle": 0, "prompt": 2, "prefill_ms": 786.0, "decode_ms": 154.0, "hits": 0.0, "blocks": 0.0, "matches": true}
{"mode": "full-fixed", "cycle": 1, "prompt": 0, "prefill_ms": 18794.0, "decode_ms": 2171.0, "hits": 0.0, "blocks": 0.0, "matches": true}
{"mode": "full-fixed", "cycle": 1, "prompt": 1, "prefill_ms": 18807.0, "decode_ms": 2172.0, "hits": 0.0, "blocks": 0.0, "matches": true}
{"mode": "full-fixed", "cycle": 1, "prompt": 2, "prefill_ms": 783.0, "decode_ms": 152.0, "hits": 0.0, "blocks": 0.0, "matches": true}
{"mode": "full-fixed", "cycle": 2, "prompt": 0, "prefill_ms": 18807.0, "decode_ms": 2167.0, "hits": 0.0, "blocks": 0.0, "matches": true}
{"mode": "full-fixed", "cycle": 2, "prompt": 1, "prefill_ms": 18801.0, "decode_ms": 2167.0, "hits": 0.0, "blocks": 0.0, "matches": true}
{"mode": "full-fixed", "cycle": 2, "prompt": 2, "prefill_ms": 793.0, "decode_ms": 155.0, "hits": 0.0, "blocks": 0.0, "matches": true}
{"mode": "full", "cycle": 0, "prompt": 0, "prefill_ms": 21010.0, "decode_ms": 2369.0, "hits": 0.0, "blocks": 0.0, "matches": true}
{"mode": "full", "cycle": 0, "prompt": 1, "prefill_ms": 21092.0, "decode_ms": 2359.0, "hits": 0.0, "blocks": 0.0, "matches": true}
{"mode": "full", "cycle": 0, "prompt": 2, "prefill_ms": 910.0, "decode_ms": 175.0, "hits": 0.0, "blocks": 0.0, "matches": true}
{"mode": "full", "cycle": 1, "prompt": 0, "prefill_ms": 21093.0, "decode_ms": 2349.0, "hits": 0.0, "blocks": 0.0, "matches": true}
{"mode": "full", "cycle": 1, "prompt": 1, "prefill_ms": 20970.0, "decode_ms": 2354.0, "hits": 0.0, "blocks": 0.0, "matches": true}
{"mode": "full", "cycle": 1, "prompt": 2, "prefill_ms": 902.0, "decode_ms": 175.0, "hits": 0.0, "blocks": 0.0, "matches": true}
{"mode": "full", "cycle": 2, "prompt": 0, "prefill_ms": 21025.0, "decode_ms": 2385.0, "hits": 0.0, "blocks": 0.0, "matches": true}
{"mode": "full", "cycle": 2, "prompt": 1, "prefill_ms": 21173.0, "decode_ms": 2362.0, "hits": 0.0, "blocks": 0.0, "matches": true}
{"mode": "full", "cycle": 2, "prompt": 2, "prefill_ms": 898.0, "decode_ms": 174.0, "hits": 0.0, "blocks": 0.0, "matches": true}
{"mode": "full-split", "cycle": 0, "prompt": 0, "prefill_ms": 16545.0, "decode_ms": 1562.0, "hits": 0.0, "blocks": 0.0, "matches": true}
{"mode": "full-split", "cycle": 0, "prompt": 1, "prefill_ms": 16794.0, "decode_ms": 1571.0, "hits": 0.0, "blocks": 0.0, "matches": true}
{"mode": "full-split", "cycle": 0, "prompt": 2, "prefill_ms": 898.0, "decode_ms": 169.0, "hits": 0.0, "blocks": 0.0, "matches": true}
{"mode": "full-split", "cycle": 1, "prompt": 0, "prefill_ms": 16760.0, "decode_ms": 1576.0, "hits": 0.0, "blocks": 0.0, "matches": true}
{"mode": "full-split", "cycle": 1, "prompt": 1, "prefill_ms": 16683.0, "decode_ms": 1591.0, "hits": 0.0, "blocks": 0.0, "matches": true}
{"mode": "full-split", "cycle": 1, "prompt": 2, "prefill_ms": 888.0, "decode_ms": 172.0, "hits": 0.0, "blocks": 0.0, "matches": true}
{"mode": "full-split", "cycle": 2, "prompt": 0, "prefill_ms": 16644.0, "decode_ms": 1560.0, "hits": 0.0, "blocks": 0.0, "matches": true}
{"mode": "full-split", "cycle": 2, "prompt": 1, "prefill_ms": 16623.0, "decode_ms": 1603.0, "hits": 0.0, "blocks": 0.0, "matches": true}
{"mode": "full-split", "cycle": 2, "prompt": 2, "prefill_ms": 886.0, "decode_ms": 170.0, "hits": 0.0, "blocks": 0.0, "matches": true}
{"mode": "full-split-prefix", "cycle": 0, "prompt": 0, "prefill_ms": 16753.0, "decode_ms": 1562.0, "hits": 0.0, "blocks": 0.0, "matches": true}
{"mode": "full-split-prefix", "cycle": 0, "prompt": 1, "prefill_ms": 78.0, "decode_ms": 1579.0, "hits": 1.0, "blocks": 0.0, "matches": true}
{"mode": "full-split-prefix", "cycle": 0, "prompt": 2, "prefill_ms": 219.0, "decode_ms": 165.0, "hits": 1.0, "blocks": 0.0, "matches": true}
{"mode": "full-split-prefix", "cycle": 1, "prompt": 0, "prefill_ms": 74.0, "decode_ms": 1571.0, "hits": 1.0, "blocks": 0.0, "matches": true}
{"mode": "full-split-prefix", "cycle": 1, "prompt": 1, "prefill_ms": 76.0, "decode_ms": 1580.0, "hits": 1.0, "blocks": 0.0, "matches": true}
{"mode": "full-split-prefix", "cycle": 1, "prompt": 2, "prefill_ms": 223.0, "decode_ms": 164.0, "hits": 1.0, "blocks": 0.0, "matches": true}
{"mode": "full-split-prefix", "cycle": 2, "prompt": 0, "prefill_ms": 74.0, "decode_ms": 1614.0, "hits": 1.0, "blocks": 0.0, "matches": true}
{"mode": "full-split-prefix", "cycle": 2, "prompt": 1, "prefill_ms": 74.0, "decode_ms": 1586.0, "hits": 1.0, "blocks": 0.0, "matches": true}
{"mode": "full-split-prefix", "cycle": 2, "prompt": 2, "prefill_ms": 220.0, "decode_ms": 166.0, "hits": 1.0, "blocks": 0.0, "matches": true}
